2026-04-27 01:47:00,700 - INFO - Starting BFS crawl of https://utc.edu.vn (depth=2)
2026-04-27 01:47:00,700 - INFO - Crawling [0] https://utc.edu.vn
2026-04-27 01:47:02,358 - INFO - Crawling [1] https://utc.edu.vn/
2026-04-27 01:47:03,984 - INFO - Crawling [1] https://utc.edu.vn/gioi-thieu
2026-04-27 01:47:05,404 - INFO - Crawling [1] https://utc.edu.vn/gioi-thieu/gioi-thieu-chung
2026-04-27 01:47:07,174 - INFO - Crawling [1] https://utc.edu.vn/gioi-thieu/chien-luoc-phat-trien
2026-04-27 01:47:08,940 - INFO - Crawling [1] https://utc.edu.vn/gioi-thieu/lich-su-hinh-thanh
2026-04-27 01:47:10,685 - INFO - Crawling [1] https://utc.edu.vn/gioi-thieu/co-cau-to-chuc
2026-04-27 01:47:12,497 - INFO - Crawling [1] https://utc.edu.vn/gioi-thieu/so-do-to-chuc
2026-04-27 01:47:14,232 - INFO - Crawling [1] https://utc.edu.vn/gioi-thieu/ban-giam-hieu
2026-04-27 01:47:15,922 - INFO - Crawling [1] https://utc.edu.vn/gioi-thieu/gioi-thieu-dang-bo
2026-04-27 01:47:17,672 - INFO - Crawling [1] https://utc.edu.vn/gioi-thieu/cong-doan
2026-04-27 01:47:19,389 - INFO - Crawling [1] https://utc.edu.vn/gioi-thieu/doan-thanh-nien
2026-04-27 01:47:21,133 - INFO - Crawling [1] https://utc.edu.vn/gioi-thieu/cac-khoa-truc-thuoc
2026-04-27 01:47:22,855 - INFO - Crawling [1] https://utc.edu.vn/gioi-thieu/ds-don-vi-chuc-nang
2026-04-27 01:47:24,582 - INFO - Crawling [1] https://utc.edu.vn/hoi-dong-truong
2026-04-27 01:47:36,037 - INFO - Crawling [1] https://utc.edu.vn/gioi-thieu/chuyen-nganh-dao-tao
2026-04-27 01:47:37,841 - INFO - Crawling [1] https://utc.edu.vn/thong-tin-cong-khai
2026-04-27 01:47:39,300 - INFO - Crawling [1] https://utc.edu.vn/dao-tao
2026-04-27 01:47:40,798 - INFO - Crawling [1] https://utc.edu.vn/dao-tao/cac-chuyen-nganh-dao-tao
2026-04-27 01:47:42,568 - INFO - Crawling [1] https://utc.edu.vn/dao-tao/chuan-dau-ra
2026-04-27 01:47:44,322 - INFO - Crawling [1] https://utc.edu.vn/dao-tao/chuong-trinh-dao-tao
2026-04-27 01:47:46,483 - INFO - Crawling [1] https://utc.edu.vn/de-cuong-hoc-phan
2026-04-27 01:47:47,867 - INFO - Crawling [1] https://utc.edu.vn/he-dao-tao-chinh-qui
2026-04-27 01:47:49,281 - INFO - Crawling [1] https://utc.edu.vn/he-bang-hai-lien-thong-vhvl
2026-04-27 01:47:50,715 - INFO - Crawling [1] https://utc.edu.vn/he-sau-dai-hoc
2026-04-27 01:47:52,166 - INFO - Crawling [1] https://utc.edu.vn/chuong-trinh-dao-tao-sdh
2026-04-27 01:47:53,593 - INFO - Crawling [1] https://utc.edu.vn/tra-cuu-thong-tin-luan-an-tien-si
2026-04-27 01:47:55,071 - INFO - Crawling [1] https://utc.edu.vn/mau-van-ban-sdh
2026-04-27 01:47:56,466 - INFO - Crawling [1] https://utc.edu.vn/he-lien-ket-quoc-te
2026-04-27 01:47:57,890 - INFO - Crawling [1] https://utc.edu.vn/van-bang-chung-chi
2026-04-27 01:47:59,288 - INFO - Crawling [1] https://utc.edu.vn/tuyen-sinh
2026-04-27 01:48:00,698 - INFO - Crawling [1] https://utc.edu.vn/tuyen-sinh-bang-hai-lien-thong
2026-04-27 01:48:02,145 - INFO - Crawling [1] https://utc.edu.vn/sau-dai-hoc
2026-04-27 01:48:03,562 - INFO - Crawling [1] https://utc.edu.vn/ttts
2026-04-27 01:48:12,297 - INFO - Crawling [1] https://utc.edu.vn/gioi-thieu/gioi-thieu-khcn
2026-04-27 01:48:14,576 - INFO - Crawling [1] https://utc.edu.vn/hop-tac
2026-04-27 01:48:16,017 - INFO - Crawling [1] https://utc.edu.vn/gioi-thieu/gioi-thieu-hop-tac
2026-04-27 01:48:17,749 - INFO - Crawling [1] https://utc.edu.vn/hop-tac-quoc-te
2026-04-27 01:48:19,162 - INFO - Crawling [1] https://utc.edu.vn/hop-tac-trong-nuoc
2026-04-27 01:48:20,625 - INFO - Crawling [1] https://utc.edu.vn/cac-du-an-quoc-te
2026-04-27 01:48:22,044 - INFO - Crawling [1] https://utc.edu.vn/dang-doan-the
2026-04-27 01:48:23,527 - INFO - Crawling [1] https://utc.edu.vn/dang-bo
2026-04-27 01:48:24,944 - INFO - Crawling [1] https://utc.edu.vn/doan-tn-hoi-sv
2026-04-27 01:48:26,408 - INFO - Crawling [1] https://utc.edu.vn/cuu-chien-binh
2026-04-27 01:48:27,811 - INFO - Crawling [1] https://utc.edu.vn/80-nam-truyen-thong
2026-04-27 01:48:29,228 - INFO - Crawling [1] https://utc.edu.vn/chao-mung-80-nam-truyen-thong
2026-04-27 01:48:30,628 - INFO - Crawling [1] https://utc.edu.vn/tac-pham-du-thi-80-nam-truyen-thong
2026-04-27 01:48:32,046 - INFO - Crawling [1] https://utc.edu.vn/thuc-day-hop-tac-dao-tao-va-nghien-cuu-nang-luong-moi-giua-truong-dai-hoc-giao-thong-van-tai-va-truong-dai-hoc-ha-hai
2026-04-27 01:48:33,711 - INFO - Crawling [1] https://utc.edu.vn/truong-dai-hoc-giao-thong-van-tai-tham-va-lam-viec-tai-cong-ty-crrc-truong-xuan-trung-quoc-
2026-04-27 01:48:35,380 - INFO - Crawling [1] https://utc.edu.vn/truong-dhgtvt-va-tap-doan-jsti-ky-thoa-thuan-hop-tac-huong-toi-thanh-lap-trung-tam-nghien-cuu-giao-thong-so
2026-04-27 01:48:37,065 - INFO - Crawling [1] https://utc.edu.vn/hieu-truong-truong-dai-hoc-giao-thong-van-tai-tham-du-dien-dan-hop-tac-giao-duc-dai-hoc-khoa-hoc-cong-nghe-va-doi-moi-sang-tao-viet-nam-trung-quoc
2026-04-27 01:48:38,737 - INFO - Crawling [1] https://utc.edu.vn/hoi-thao-cau-nhip-lon-cho-duong-sat-toc-do-cao-
2026-04-27 01:48:40,395 - INFO - Crawling [1] https://utc.edu.vn/truong-dai-hoc-giao-thong-van-tai-lam-viec-voi-tap-doan-thong-tin-tin-hieu-duong-sat-trung-quoc
2026-04-27 01:48:42,070 - INFO - Crawling [1] https://utc.edu.vn/tap-huan-cuoc-thi-thiet-ke-mcu-fpga-ha-noi-2026-
2026-04-27 01:48:43,737 - INFO - Crawling [1] https://utc.edu.vn/toa-dam-quan-ly-tong-hop-ben-vung-nuoc-luong-thuc-moi-truong-cho-luu-vuc-song-lan-thuong-me-cong-
2026-04-27 01:48:45,430 - INFO - Crawling [1] https://utc.edu.vn/truong-dai-hoc-gtvt-tiep-nhan-xe-dien-vf9-do-vinfast-tai-tro
2026-04-27 01:48:47,127 - INFO - Crawling [1] https://utc.edu.vn/truong-dai-hoc-giao-thong-van-tai-64-nam-kien-tao-tri-thuc-dan-dat-doi-moi-va-phung-su-quoc-gia
2026-04-27 01:48:48,870 - INFO - Crawling [1] https://utc.edu.vn/viettel_Post_VPL
2026-04-27 01:48:50,513 - INFO - Crawling [1] https://utc.edu.vn/hanh_trinh_tu_trai_tim_2026
2026-04-27 01:48:52,246 - INFO - Crawling [1] https://utc.edu.vn/tuyen-sinh-dai-hoc-chinh-quy-nam-2026
2026-04-27 01:48:53,938 - INFO - Crawling [1] https://utc.edu.vn/nuc_2025_mb
2026-04-27 01:49:14,262 - INFO - Crawling [1] https://utc.edu.vn/truong-dai-hoc-giao-thong-van-tai-tham-gia-ky-ket-ghi-nho-hop-tac-va-ra-mat-lien-minh-hop-tac-so-huu-tri-tue-va-doi-moi-sang-tao
2026-04-27 01:49:16,249 - INFO - Crawling [1] https://utc.edu.vn/VTP
2026-04-27 01:49:17,909 - INFO - Crawling [1] https://utc.edu.vn/lich-cong-tac
2026-04-27 01:49:21,467 - INFO - Crawling [1] https://utc.edu.vn/thong-bao
2026-04-27 01:49:23,013 - INFO - Crawling [1] https://utc.edu.vn/nghien-cuu-sinh
2026-04-27 01:49:24,805 - INFO - Crawling [1] https://utc.edu.vn/gioi-thieu/khoa-co-khi
2026-04-27 01:49:26,642 - INFO - Crawling [1] https://utc.edu.vn/gioi-thieu/khoa-cong-trinh
2026-04-27 01:49:28,555 - INFO - Crawling [1] https://utc.edu.vn/gioi-thieu/khoa-van-tai-kinh-te
2026-04-27 01:49:36,994 - INFO - Crawling [1] https://utc.edu.vn/gioi-thieu/khoa-dien-dien-tu
2026-04-27 01:49:38,875 - INFO - Crawling [1] https://utc.edu.vn/gioi-thieu/khoa-cong-nghe-thong-tin
2026-04-27 01:49:40,804 - INFO - Crawling [1] https://utc.edu.vn/gioi-thieu/khoa-khoa-hoc-co-ban
2026-04-27 01:49:42,591 - INFO - Crawling [1] https://utc.edu.vn/gioi-thieu/khoa-ly-luan-chinh-tri
2026-04-27 01:49:44,428 - INFO - Crawling [1] https://utc.edu.vn/gioi-thieu/khoa-giao-duc-quoc-phong
2026-04-27 01:49:46,387 - INFO - Crawling [1] https://utc.edu.vn/gioi-thieu/khoa-ky-thuat-xay-dung
2026-04-27 01:49:48,424 - INFO - Crawling [1] https://utc.edu.vn/gioi-thieu/khoa-moi-truong-va-an-toan-giao-thong
2026-04-27 01:49:50,309 - INFO - Crawling [1] https://utc.edu.vn/gioi-thieu/khoa-dao-tao-quoc-te
2026-04-27 01:49:52,128 - INFO - Crawling [1] https://utc.edu.vn/gioi-thieu/khoa-quan-ly-xay-dung
2026-04-27 01:49:53,924 - INFO - Crawling [1] https://utc.edu.vn/gioi-thieu/bo-mon-giao-duc-the-chat
2026-04-27 01:49:55,693 - INFO - Crawling [1] https://utc.edu.vn/doi-ngu-giang-vien
2026-04-27 01:49:57,428 - INFO - Crawling [1] https://utc.edu.vn/van-ban
2026-04-27 01:49:58,915 - INFO - Crawling [1] https://utc.edu.vn/thu-vien-anh
2026-04-27 01:50:00,444 - INFO - Crawling [1] https://utc.edu.vn/ke-hoach-to-chuc-cuoc-thi-chinh-luan-ve-bao-ve-nen-tang-tu-tuong-cua-dang-lan-thu-sau-nam-2026
2026-04-27 01:50:02,129 - INFO - Crawling [1] https://utc.edu.vn/thong-bao-xet-tuyen-nghien-cuu-sinh-nam-2026
2026-04-27 01:50:03,832 - INFO - Crawling [1] https://utc.edu.vn/thong-bao-tuyen-sinh-trinh-do-thac-si-nam-2026
2026-04-27 01:50:05,519 - INFO - Crawling [1] https://utc.edu.vn/thong-bao-ve-viec-xay-dung-de-xuat-nhiem-vu-thuc-hien-chuong-trinh-kh-cn-cap-bo-thuc-hien-tu-nam-2026
2026-04-27 01:50:07,178 - INFO - Crawling [1] https://utc.edu.vn/thong-bao-dau-gia-lan-2-xe-o-to-5-cho-toyota-camry
2026-04-27 01:50:09,234 - INFO - Crawling [1] https://utc.edu.vn/quy-che-cuoc-dau-gia-so-77-2-2026-qctp
2026-04-27 01:50:10,878 - INFO - Crawling [1] https://utc.edu.vn/cuoc-thi-sinh-vien-truong-dai-hoc-giao-thong-van-tai-voi-y-tuong-khoi-nghiep-lan-thu-v-utc-startup-2026
2026-04-27 01:50:12,642 - INFO - Crawling [1] https://utc.edu.vn/tom-tat-thanh-tich-ca-nhan-de-nghi-xet-tang-danh-hieu-nha-giao-uu-tu-lan-thu-17-nam-2026
2026-04-27 01:50:14,304 - INFO - Crawling [1] https://utc.edu.vn/thong-bao-ket-qua-lay-phieu-tin-nhiem-de-nghi-xet-tang-danh-hieu-nha-giao-uu-tu-lan-thu-17-nam-2026
2026-04-27 01:50:16,019 - INFO - Crawling [1] https://utc.edu.vn/thong-bao-ve-viec-cong-nhan-thi-sinh-trung-tuyen-trinh-do-thac-si-dot-2-nam-2025
2026-04-27 01:50:17,741 - INFO - Crawling [1] https://utc.edu.vn/ket-qua-dau-gia-cang-tin-tang-3-nha-a5-cang-tin-tang-2-a4-a5-va-quan-ca-phe-
2026-04-27 01:50:19,427 - INFO - Crawling [1] https://utc.edu.vn/thong-bao-phuc-khao-bai-thi-tuyen-sinh-trinh-dothac-si-dot-2-nam-2025
2026-04-27 01:50:21,119 - INFO - Crawling [1] https://utc.edu.vn/tin-tuc
2026-04-27 01:50:22,665 - INFO - Crawling [1] https://utc.edu.vn/video
2026-04-27 01:50:24,122 - INFO - Crawling [1] http://utc.edu.vn/lich-cong-tac
2026-04-27 01:50:27,321 - INFO - Crawling [1] http://utc.edu.vn/doi-ngu-giang-vien
2026-04-27 01:50:29,112 - INFO - Crawling [1] https://utc.edu.vn/xet-gs-pgs
2026-04-27 01:50:30,624 - INFO - Crawling [2] https://utc.edu.vn/gioi-thieu/phong-hanh-chinh-tong-hop
2026-04-27 01:50:32,679 - INFO - Crawl completed. Pages: 100
2026-04-27 01:52:59,252 - INFO - Starting BFS crawl of https://utc.edu.vn
2026-04-27 01:52:59,252 - INFO - Crawling [0] https://utc.edu.vn...
2026-04-27 01:53:00,970 - INFO - Crawling [1] https://utc.edu.vn/...
2026-04-27 01:53:15,988 - WARNING - Attempt 1 failed for https://utc.edu.vn/: HTTPSConnectionPool(host='utc.edu.vn', port=443): Max retries exceeded with url: / (Caused by ConnectTimeoutError(<HTTPSConnection(host='utc.edu.vn', port=443) at 0x2087c1ed310>, 'Connection to utc.edu.vn timed out. (connect timeout=15)'))
2026-04-27 01:53:19,787 - INFO - Crawling [1] https://utc.edu.vn/gioi-thieu...
2026-04-27 01:53:21,242 - INFO - Crawling [1] https://utc.edu.vn/gioi-thieu/gioi-thieu-chung...
2026-04-27 01:53:22,995 - INFO - Crawling [1] https://utc.edu.vn/gioi-thieu/chien-luoc-phat-trien...
2026-04-27 01:53:24,776 - INFO - Crawling [1] https://utc.edu.vn/gioi-thieu/lich-su-hinh-thanh...
2026-04-27 01:53:26,527 - INFO - Crawling [1] https://utc.edu.vn/gioi-thieu/co-cau-to-chuc...
2026-04-27 01:53:28,707 - INFO - Crawling [1] https://utc.edu.vn/gioi-thieu/so-do-to-chuc...
2026-04-27 01:53:30,430 - INFO - Crawling [1] https://utc.edu.vn/gioi-thieu/ban-giam-hieu...
2026-04-27 01:53:32,164 - INFO - Crawling [1] https://utc.edu.vn/gioi-thieu/gioi-thieu-dang-bo...
2026-04-27 01:53:33,889 - INFO - Crawling [1] https://utc.edu.vn/gioi-thieu/cong-doan...
2026-04-27 01:53:35,616 - INFO - Crawling [1] https://utc.edu.vn/gioi-thieu/doan-thanh-nien...
2026-04-27 01:53:37,354 - INFO - Crawling [1] https://utc.edu.vn/gioi-thieu/cac-khoa-truc-thuoc...
2026-04-27 01:53:39,136 - INFO - Crawling [1] https://utc.edu.vn/gioi-thieu/ds-don-vi-chuc-nang...
2026-04-27 01:53:40,857 - INFO - Crawling [1] https://utc.edu.vn/hoi-dong-truong...
2026-04-27 01:53:42,628 - INFO - Crawling [1] https://utc.edu.vn/gioi-thieu/chuyen-nganh-dao-tao...
2026-04-27 01:53:44,489 - INFO - Crawling [1] https://utc.edu.vn/thong-tin-cong-khai...
2026-04-27 01:53:45,927 - INFO - Crawling [1] https://utc.edu.vn/dao-tao...
2026-04-27 01:53:47,448 - INFO - Crawling [1] https://utc.edu.vn/dao-tao/cac-chuyen-nganh-dao-tao...
2026-04-27 01:53:49,261 - INFO - Crawling [1] https://utc.edu.vn/dao-tao/chuan-dau-ra...
2026-04-27 01:53:51,114 - INFO - Crawling [1] https://utc.edu.vn/dao-tao/chuong-trinh-dao-tao...
2026-04-27 01:53:52,867 - INFO - Crawling [1] https://utc.edu.vn/de-cuong-hoc-phan...
2026-04-27 01:53:54,235 - INFO - Crawling [1] https://utc.edu.vn/he-dao-tao-chinh-qui...
2026-04-27 01:53:55,672 - INFO - Crawling [1] https://utc.edu.vn/he-bang-hai-lien-thong-vhvl...
2026-04-27 01:53:57,107 - INFO - Crawling [1] https://utc.edu.vn/he-sau-dai-hoc...
2026-04-27 01:53:58,599 - INFO - Crawling [1] https://utc.edu.vn/chuong-trinh-dao-tao-sdh...
2026-04-27 01:54:00,014 - INFO - Crawling [1] https://utc.edu.vn/tra-cuu-thong-tin-luan-an-tien-si...
2026-04-27 01:54:01,486 - INFO - Crawling [1] https://utc.edu.vn/mau-van-ban-sdh...
2026-04-27 01:54:03,159 - INFO - Crawling [1] https://utc.edu.vn/he-lien-ket-quoc-te...
2026-04-27 01:54:04,589 - INFO - Crawling [1] https://utc.edu.vn/van-bang-chung-chi...
2026-04-27 01:54:05,986 - INFO - Crawling [1] https://utc.edu.vn/tuyen-sinh...
2026-04-27 01:54:07,411 - INFO - Crawling [1] https://utc.edu.vn/tuyen-sinh-bang-hai-lien-thong...
2026-04-27 01:54:08,848 - INFO - Crawling [1] https://utc.edu.vn/sau-dai-hoc...
2026-04-27 01:54:10,318 - INFO - Crawling [1] https://utc.edu.vn/ttts...
2026-04-27 01:54:12,081 - INFO - Crawling [1] https://utc.edu.vn/gioi-thieu/gioi-thieu-khcn...
2026-04-27 01:54:14,307 - INFO - Crawling [1] https://utc.edu.vn/hop-tac...
2026-04-27 01:54:15,759 - INFO - Crawling [1] https://utc.edu.vn/gioi-thieu/gioi-thieu-hop-tac...
2026-04-27 01:54:17,514 - INFO - Crawling [1] https://utc.edu.vn/hop-tac-quoc-te...
2026-04-27 01:54:18,957 - INFO - Crawling [1] https://utc.edu.vn/hop-tac-trong-nuoc...
2026-04-27 01:54:20,410 - INFO - Crawling [1] https://utc.edu.vn/cac-du-an-quoc-te...
2026-04-27 01:54:21,830 - INFO - Crawling [1] https://utc.edu.vn/dang-doan-the...
2026-04-27 01:54:23,348 - INFO - Crawling [1] https://utc.edu.vn/dang-bo...
2026-04-27 01:54:24,771 - INFO - Crawling [1] https://utc.edu.vn/doan-tn-hoi-sv...
2026-04-27 01:54:29,832 - INFO - Crawling [1] https://utc.edu.vn/cuu-chien-binh...
2026-04-27 01:54:41,006 - INFO - Crawling [1] https://utc.edu.vn/80-nam-truyen-thong...
2026-04-27 01:54:42,415 - INFO - Crawling [1] https://utc.edu.vn/chao-mung-80-nam-truyen-thong...
2026-04-27 01:54:43,832 - INFO - Crawling [1] https://utc.edu.vn/tac-pham-du-thi-80-nam-truyen-thong...
2026-04-27 01:54:45,229 - INFO - Crawling [1] https://utc.edu.vn/thuc-day-hop-tac-dao-tao-va-nghien-cuu-nang-luong-moi-giua-tr...
2026-04-27 01:54:46,877 - INFO - Crawling [1] https://utc.edu.vn/truong-dai-hoc-giao-thong-van-tai-tham-va-lam-viec-tai-cong-t...
2026-04-27 01:54:48,549 - INFO - Crawling [1] https://utc.edu.vn/truong-dhgtvt-va-tap-doan-jsti-ky-thoa-thuan-hop-tac-huong-to...
2026-04-27 01:54:50,183 - INFO - Crawling [1] https://utc.edu.vn/hieu-truong-truong-dai-hoc-giao-thong-van-tai-tham-du-dien-da...
2026-04-27 01:54:51,826 - INFO - Crawling [1] https://utc.edu.vn/hoi-thao-cau-nhip-lon-cho-duong-sat-toc-do-cao-...
2026-04-27 01:54:53,491 - INFO - Crawling [1] https://utc.edu.vn/truong-dai-hoc-giao-thong-van-tai-lam-viec-voi-tap-doan-thong...
2026-04-27 01:54:55,134 - INFO - Crawling [1] https://utc.edu.vn/tap-huan-cuoc-thi-thiet-ke-mcu-fpga-ha-noi-2026-...
2026-04-27 01:54:57,153 - INFO - Crawling [1] https://utc.edu.vn/toa-dam-quan-ly-tong-hop-ben-vung-nuoc-luong-thuc-moi-truong-...
2026-04-27 01:54:58,879 - INFO - Crawling [1] https://utc.edu.vn/truong-dai-hoc-gtvt-tiep-nhan-xe-dien-vf9-do-vinfast-tai-tro...
2026-04-27 01:55:00,542 - INFO - Crawling [1] https://utc.edu.vn/truong-dai-hoc-giao-thong-van-tai-64-nam-kien-tao-tri-thuc-da...
2026-04-27 01:55:02,220 - INFO - Crawling [1] https://utc.edu.vn/viettel_Post_VPL...
2026-04-27 01:55:03,833 - INFO - Crawling [1] https://utc.edu.vn/hanh_trinh_tu_trai_tim_2026...
2026-04-27 01:55:05,501 - INFO - Crawling [1] https://utc.edu.vn/tuyen-sinh-dai-hoc-chinh-quy-nam-2026...
2026-04-27 01:55:07,101 - INFO - Crawling [1] https://utc.edu.vn/nuc_2025_mb...
2026-04-27 01:55:30,132 - INFO - Crawling [1] https://utc.edu.vn/truong-dai-hoc-giao-thong-van-tai-tham-gia-ky-ket-ghi-nho-hop...
2026-04-27 01:55:32,016 - INFO - Crawling [1] https://utc.edu.vn/VTP...
2026-04-27 01:55:33,659 - INFO - Crawling [1] https://utc.edu.vn/lich-cong-tac...
2026-04-27 01:55:37,366 - INFO - Crawling [1] https://utc.edu.vn/thong-bao...
2026-04-27 01:55:38,832 - INFO - Crawling [1] https://utc.edu.vn/nghien-cuu-sinh...
2026-04-27 01:55:40,250 - INFO - Crawling [1] https://utc.edu.vn/gioi-thieu/khoa-co-khi...
2026-04-27 01:55:42,053 - INFO - Crawling [1] https://utc.edu.vn/gioi-thieu/khoa-cong-trinh...
2026-04-27 01:55:43,835 - INFO - Crawling [1] https://utc.edu.vn/gioi-thieu/khoa-van-tai-kinh-te...
2026-04-27 01:55:53,793 - INFO - Crawling [1] https://utc.edu.vn/gioi-thieu/khoa-dien-dien-tu...
2026-04-27 01:55:55,666 - INFO - Crawling [1] https://utc.edu.vn/gioi-thieu/khoa-cong-nghe-thong-tin...
2026-04-27 01:55:57,477 - INFO - Crawling [1] https://utc.edu.vn/gioi-thieu/khoa-khoa-hoc-co-ban...
2026-04-27 01:55:59,371 - INFO - Crawling [1] https://utc.edu.vn/gioi-thieu/khoa-ly-luan-chinh-tri...
2026-04-27 01:56:01,270 - INFO - Crawling [1] https://utc.edu.vn/gioi-thieu/khoa-giao-duc-quoc-phong...
2026-04-27 01:56:03,168 - INFO - Crawling [1] https://utc.edu.vn/gioi-thieu/khoa-ky-thuat-xay-dung...
2026-04-27 01:56:05,028 - INFO - Crawling [1] https://utc.edu.vn/gioi-thieu/khoa-moi-truong-va-an-toan-giao-thong...
2026-04-27 01:56:07,211 - INFO - Crawling [1] https://utc.edu.vn/gioi-thieu/khoa-dao-tao-quoc-te...
2026-04-27 01:56:09,350 - INFO - Crawling [1] https://utc.edu.vn/gioi-thieu/khoa-quan-ly-xay-dung...
2026-04-27 01:56:11,095 - INFO - Crawling [1] https://utc.edu.vn/gioi-thieu/bo-mon-giao-duc-the-chat...
2026-04-27 01:56:12,829 - INFO - Crawling [1] https://utc.edu.vn/doi-ngu-giang-vien...
2026-04-27 01:56:14,470 - INFO - Crawling [1] https://utc.edu.vn/van-ban...
2026-04-27 01:56:15,954 - INFO - Crawling [1] https://utc.edu.vn/thu-vien-anh...
2026-04-27 01:56:17,456 - INFO - Crawling [1] https://utc.edu.vn/ke-hoach-to-chuc-cuoc-thi-chinh-luan-ve-bao-ve-nen-tang-tu-tu...
2026-04-27 01:56:19,098 - INFO - Crawling [1] https://utc.edu.vn/thong-bao-xet-tuyen-nghien-cuu-sinh-nam-2026...
2026-04-27 01:56:20,732 - INFO - Crawling [1] https://utc.edu.vn/thong-bao-tuyen-sinh-trinh-do-thac-si-nam-2026...
2026-04-27 01:56:22,390 - INFO - Crawling [1] https://utc.edu.vn/thong-bao-ve-viec-xay-dung-de-xuat-nhiem-vu-thuc-hien-chuong-...
2026-04-27 01:56:24,022 - INFO - Crawling [1] https://utc.edu.vn/thong-bao-dau-gia-lan-2-xe-o-to-5-cho-toyota-camry...
2026-04-27 01:56:25,732 - INFO - Crawling [1] https://utc.edu.vn/quy-che-cuoc-dau-gia-so-77-2-2026-qctp...
2026-04-27 01:56:27,406 - INFO - Crawling [1] https://utc.edu.vn/cuoc-thi-sinh-vien-truong-dai-hoc-giao-thong-van-tai-voi-y-tu...
2026-04-27 01:56:29,405 - INFO - Crawling [1] https://utc.edu.vn/tom-tat-thanh-tich-ca-nhan-de-nghi-xet-tang-danh-hieu-nha-gia...
2026-04-27 01:56:31,066 - INFO - Crawling [1] https://utc.edu.vn/thong-bao-ket-qua-lay-phieu-tin-nhiem-de-nghi-xet-tang-danh-h...
2026-04-27 01:56:32,711 - INFO - Crawling [1] https://utc.edu.vn/thong-bao-ve-viec-cong-nhan-thi-sinh-trung-tuyen-trinh-do-tha...
2026-04-27 01:56:34,364 - INFO - Crawling [1] https://utc.edu.vn/ket-qua-dau-gia-cang-tin-tang-3-nha-a5-cang-tin-tang-2-a4-a5-...
2026-04-27 01:56:35,987 - INFO - Crawling [1] https://utc.edu.vn/thong-bao-phuc-khao-bai-thi-tuyen-sinh-trinh-dothac-si-dot-2-...
2026-04-27 01:56:37,649 - INFO - Crawling [1] https://utc.edu.vn/tin-tuc...
2026-04-27 01:56:39,146 - INFO - Crawling [1] https://utc.edu.vn/video...
2026-04-27 01:56:40,525 - INFO - Crawling [1] http://utc.edu.vn/lich-cong-tac...
2026-04-27 01:56:43,926 - INFO - Crawling [1] http://utc.edu.vn/doi-ngu-giang-vien...
2026-04-27 01:56:45,599 - INFO - Crawling [1] https://utc.edu.vn/xet-gs-pgs...
2026-04-27 01:56:47,049 - INFO - Crawling [2] https://utc.edu.vn/gioi-thieu/phong-hanh-chinh-tong-hop...
2026-04-27 01:56:49,877 - INFO - Crawl completed. Pages: 100
2026-04-27 01:56:50,130 - INFO - NetworkX loaded
2026-04-27 01:56:50,137 - INFO - Knowledge Graph: 245 nodes, 1 edges
2026-04-27 01:56:50,234 - INFO - Saved knowledge base to D:\Robot_FEEE\nlp\data\utc_knowledge_advanced.json
2026-04-27 09:34:56,747 - INFO - Starting BFS crawl of https://utc.edu.vn
2026-04-27 09:34:56,747 - INFO - Crawling [0] https://utc.edu.vn...
2026-04-27 09:34:58,387 - INFO - Crawling [1] https://utc.edu.vn/...
2026-04-27 09:35:00,029 - INFO - Crawling [1] https://utc.edu.vn/gioi-thieu...
2026-04-27 09:35:01,621 - INFO - Crawling [1] https://utc.edu.vn/gioi-thieu/gioi-thieu-chung...
2026-04-27 09:35:03,394 - INFO - Crawling [1] https://utc.edu.vn/gioi-thieu/chien-luoc-phat-trien...
2026-04-27 09:35:05,169 - INFO - Crawling [1] https://utc.edu.vn/gioi-thieu/lich-su-hinh-thanh...
2026-04-27 09:35:06,933 - INFO - Crawling [1] https://utc.edu.vn/gioi-thieu/co-cau-to-chuc...
2026-04-27 09:35:08,693 - INFO - Crawling [1] https://utc.edu.vn/gioi-thieu/so-do-to-chuc...
2026-04-27 09:35:10,421 - INFO - Crawling [1] https://utc.edu.vn/gioi-thieu/ban-giam-hieu...
2026-04-27 09:35:12,139 - INFO - Crawling [1] https://utc.edu.vn/gioi-thieu/gioi-thieu-dang-bo...
2026-04-27 09:35:13,892 - INFO - Crawling [1] https://utc.edu.vn/gioi-thieu/cong-doan...
2026-04-27 09:35:15,637 - INFO - Crawling [1] https://utc.edu.vn/gioi-thieu/doan-thanh-nien...
2026-04-27 09:35:17,390 - INFO - Crawling [1] https://utc.edu.vn/gioi-thieu/cac-khoa-truc-thuoc...
2026-04-27 09:35:19,111 - INFO - Crawling [1] https://utc.edu.vn/gioi-thieu/ds-don-vi-chuc-nang...
2026-04-27 09:35:20,848 - INFO - Crawling [1] https://utc.edu.vn/hoi-dong-truong...
2026-04-27 09:35:22,578 - INFO - Crawling [1] https://utc.edu.vn/gioi-thieu/chuyen-nganh-dao-tao...
2026-04-27 09:35:24,397 - INFO - Crawling [1] https://utc.edu.vn/thong-tin-cong-khai...
2026-04-27 09:35:25,832 - INFO - Crawling [1] https://utc.edu.vn/dao-tao...
2026-04-27 09:35:27,366 - INFO - Crawling [1] https://utc.edu.vn/dao-tao/cac-chuyen-nganh-dao-tao...
2026-04-27 09:35:29,125 - INFO - Crawling [1] https://utc.edu.vn/dao-tao/chuan-dau-ra...
2026-04-27 09:35:30,904 - INFO - Crawling [1] https://utc.edu.vn/dao-tao/chuong-trinh-dao-tao...
2026-04-27 09:35:32,686 - INFO - Crawling [1] https://utc.edu.vn/de-cuong-hoc-phan...
2026-04-27 09:35:34,058 - INFO - Crawling [1] https://utc.edu.vn/he-dao-tao-chinh-qui...
2026-04-27 09:35:35,492 - INFO - Crawling [1] https://utc.edu.vn/he-bang-hai-lien-thong-vhvl...
2026-04-27 09:35:36,917 - INFO - Crawling [1] https://utc.edu.vn/he-sau-dai-hoc...
2026-04-27 09:35:38,393 - INFO - Crawling [1] https://utc.edu.vn/chuong-trinh-dao-tao-sdh...
2026-04-27 09:35:39,762 - INFO - Crawling [1] https://utc.edu.vn/tra-cuu-thong-tin-luan-an-tien-si...
2026-04-27 09:35:41,244 - INFO - Crawling [1] https://utc.edu.vn/mau-van-ban-sdh...
2026-04-27 09:35:42,618 - INFO - Crawling [1] https://utc.edu.vn/he-lien-ket-quoc-te...
2026-04-27 09:35:44,063 - INFO - Crawling [1] https://utc.edu.vn/van-bang-chung-chi...
2026-04-27 09:35:45,468 - INFO - Crawling [1] https://utc.edu.vn/tuyen-sinh...
2026-04-27 09:35:46,909 - INFO - Crawling [1] https://utc.edu.vn/tuyen-sinh-bang-hai-lien-thong...
2026-04-27 09:35:48,332 - INFO - Crawling [1] https://utc.edu.vn/sau-dai-hoc...
2026-04-27 09:35:49,789 - INFO - Crawling [1] https://utc.edu.vn/ttts...
2026-04-27 09:35:51,544 - INFO - Crawling [1] https://utc.edu.vn/gioi-thieu/gioi-thieu-khcn...
2026-04-27 09:35:53,538 - INFO - Crawling [1] https://utc.edu.vn/hop-tac...
2026-04-27 09:35:54,952 - INFO - Crawling [1] https://utc.edu.vn/gioi-thieu/gioi-thieu-hop-tac...
2026-04-27 09:35:56,737 - INFO - Crawling [1] https://utc.edu.vn/hop-tac-quoc-te...
2026-04-27 09:35:58,163 - INFO - Crawling [1] https://utc.edu.vn/hop-tac-trong-nuoc...
2026-04-27 09:35:59,583 - INFO - Crawling [1] https://utc.edu.vn/cac-du-an-quoc-te...
2026-04-27 09:36:01,013 - INFO - Crawling [1] https://utc.edu.vn/dang-doan-the...
2026-04-27 09:36:02,469 - INFO - Crawling [1] https://utc.edu.vn/dang-bo...
2026-04-27 09:36:03,901 - INFO - Crawling [1] https://utc.edu.vn/doan-tn-hoi-sv...
2026-04-27 09:36:05,378 - INFO - Crawling [1] https://utc.edu.vn/cuu-chien-binh...
2026-04-27 09:36:06,787 - INFO - Crawling [1] https://utc.edu.vn/80-nam-truyen-thong...
2026-04-27 09:36:08,205 - INFO - Crawling [1] https://utc.edu.vn/chao-mung-80-nam-truyen-thong...
2026-04-27 09:36:09,580 - INFO - Crawling [1] https://utc.edu.vn/tac-pham-du-thi-80-nam-truyen-thong...
2026-04-27 09:36:10,998 - INFO - Crawling [1] https://utc.edu.vn/thuc-day-hop-tac-dao-tao-va-nghien-cuu-nang-luong-moi-giua-tr...
2026-04-27 09:36:12,627 - INFO - Crawling [1] https://utc.edu.vn/truong-dai-hoc-giao-thong-van-tai-tham-va-lam-viec-tai-cong-t...
2026-04-27 09:36:13,883 - INFO - Crawling [1] https://utc.edu.vn/truong-dhgtvt-va-tap-doan-jsti-ky-thoa-thuan-hop-tac-huong-to...
2026-04-27 09:36:15,524 - INFO - Crawling [1] https://utc.edu.vn/hieu-truong-truong-dai-hoc-giao-thong-van-tai-tham-du-dien-da...
2026-04-27 09:36:17,141 - INFO - Crawling [1] https://utc.edu.vn/hoi-thao-cau-nhip-lon-cho-duong-sat-toc-do-cao-...
2026-04-27 09:36:18,789 - INFO - Crawling [1] https://utc.edu.vn/truong-dai-hoc-giao-thong-van-tai-lam-viec-voi-tap-doan-thong...
2026-04-27 09:36:20,424 - INFO - Crawling [1] https://utc.edu.vn/tap-huan-cuoc-thi-thiet-ke-mcu-fpga-ha-noi-2026-...
2026-04-27 09:36:22,035 - INFO - Crawling [1] https://utc.edu.vn/toa-dam-quan-ly-tong-hop-ben-vung-nuoc-luong-thuc-moi-truong-...
2026-04-27 09:36:23,672 - INFO - Crawling [1] https://utc.edu.vn/truong-dai-hoc-gtvt-tiep-nhan-xe-dien-vf9-do-vinfast-tai-tro...
2026-04-27 09:36:25,332 - INFO - Crawling [1] https://utc.edu.vn/truong-dai-hoc-giao-thong-van-tai-64-nam-kien-tao-tri-thuc-da...
2026-04-27 09:36:26,972 - INFO - Crawling [1] https://utc.edu.vn/viettel_Post_VPL...
2026-04-27 09:36:28,569 - INFO - Crawling [1] https://utc.edu.vn/hanh_trinh_tu_trai_tim_2026...
2026-04-27 09:36:30,273 - INFO - Crawling [1] https://utc.edu.vn/tuyen-sinh-dai-hoc-chinh-quy-nam-2026...
2026-04-27 09:36:31,852 - INFO - Crawling [1] https://utc.edu.vn/nuc_2025_mb...
2026-04-27 09:36:44,146 - INFO - Crawling [1] https://utc.edu.vn/truong-dai-hoc-giao-thong-van-tai-tham-gia-ky-ket-ghi-nho-hop...
2026-04-27 09:36:46,090 - INFO - Crawling [1] https://utc.edu.vn/VTP...
2026-04-27 09:36:47,684 - INFO - Crawling [1] https://utc.edu.vn/lich-cong-tac...
2026-04-27 09:36:53,361 - INFO - Crawling [1] https://utc.edu.vn/thong-bao...
2026-04-27 09:36:54,820 - INFO - Crawling [1] https://utc.edu.vn/nghien-cuu-sinh...
2026-04-27 09:36:56,782 - INFO - Crawling [1] https://utc.edu.vn/gioi-thieu/khoa-co-khi...
2026-04-27 09:36:58,548 - INFO - Crawling [1] https://utc.edu.vn/gioi-thieu/khoa-cong-trinh...
2026-04-27 09:37:00,291 - INFO - Crawling [1] https://utc.edu.vn/gioi-thieu/khoa-van-tai-kinh-te...
2026-04-27 09:37:04,781 - INFO - Crawling [1] https://utc.edu.vn/gioi-thieu/khoa-dien-dien-tu...
2026-04-27 09:37:06,557 - INFO - Crawling [1] https://utc.edu.vn/gioi-thieu/khoa-cong-nghe-thong-tin...
2026-04-27 09:37:08,357 - INFO - Crawling [1] https://utc.edu.vn/gioi-thieu/khoa-khoa-hoc-co-ban...
2026-04-27 09:37:10,080 - INFO - Crawling [1] https://utc.edu.vn/gioi-thieu/khoa-ly-luan-chinh-tri...
2026-04-27 09:37:11,847 - INFO - Crawling [1] https://utc.edu.vn/gioi-thieu/khoa-giao-duc-quoc-phong...
2026-04-27 09:37:13,656 - INFO - Crawling [1] https://utc.edu.vn/gioi-thieu/khoa-ky-thuat-xay-dung...
2026-04-27 09:37:15,444 - INFO - Crawling [1] https://utc.edu.vn/gioi-thieu/khoa-moi-truong-va-an-toan-giao-thong...
2026-04-27 09:37:17,195 - INFO - Crawling [1] https://utc.edu.vn/gioi-thieu/khoa-dao-tao-quoc-te...
2026-04-27 09:37:18,974 - INFO - Crawling [1] https://utc.edu.vn/gioi-thieu/khoa-quan-ly-xay-dung...
2026-04-27 09:37:20,729 - INFO - Crawling [1] https://utc.edu.vn/gioi-thieu/bo-mon-giao-duc-the-chat...
2026-04-27 09:37:22,474 - INFO - Crawling [1] https://utc.edu.vn/doi-ngu-giang-vien...
2026-04-27 09:37:24,106 - INFO - Crawling [1] https://utc.edu.vn/van-ban...
2026-04-27 09:37:25,650 - INFO - Crawling [1] https://utc.edu.vn/thu-vien-anh...
2026-04-27 09:37:27,136 - INFO - Crawling [1] https://utc.edu.vn/ke-hoach-to-chuc-cuoc-thi-chinh-luan-ve-bao-ve-nen-tang-tu-tu...
2026-04-27 09:37:28,757 - INFO - Crawling [1] https://utc.edu.vn/thong-bao-xet-tuyen-nghien-cuu-sinh-nam-2026...
2026-04-27 09:37:30,394 - INFO - Crawling [1] https://utc.edu.vn/thong-bao-tuyen-sinh-trinh-do-thac-si-nam-2026...
2026-04-27 09:37:32,068 - INFO - Crawling [1] https://utc.edu.vn/thong-bao-ve-viec-xay-dung-de-xuat-nhiem-vu-thuc-hien-chuong-...
2026-04-27 09:37:33,694 - INFO - Crawling [1] https://utc.edu.vn/thong-bao-dau-gia-lan-2-xe-o-to-5-cho-toyota-camry...
2026-04-27 09:37:35,395 - INFO - Crawling [1] https://utc.edu.vn/quy-che-cuoc-dau-gia-so-77-2-2026-qctp...
2026-04-27 09:37:37,008 - INFO - Crawling [1] https://utc.edu.vn/cuoc-thi-sinh-vien-truong-dai-hoc-giao-thong-van-tai-voi-y-tu...
2026-04-27 09:37:38,726 - INFO - Crawling [1] https://utc.edu.vn/tom-tat-thanh-tich-ca-nhan-de-nghi-xet-tang-danh-hieu-nha-gia...
2026-04-27 09:37:40,384 - INFO - Crawling [1] https://utc.edu.vn/thong-bao-ket-qua-lay-phieu-tin-nhiem-de-nghi-xet-tang-danh-h...
2026-04-27 09:37:41,998 - INFO - Crawling [1] https://utc.edu.vn/thong-bao-ve-viec-cong-nhan-thi-sinh-trung-tuyen-trinh-do-tha...
2026-04-27 09:37:43,644 - INFO - Crawling [1] https://utc.edu.vn/ket-qua-dau-gia-cang-tin-tang-3-nha-a5-cang-tin-tang-2-a4-a5-...
2026-04-27 09:37:45,256 - INFO - Crawling [1] https://utc.edu.vn/thong-bao-phuc-khao-bai-thi-tuyen-sinh-trinh-dothac-si-dot-2-...
2026-04-27 09:37:46,943 - INFO - Crawling [1] https://utc.edu.vn/tin-tuc...
2026-04-27 09:37:48,376 - INFO - Crawling [1] https://utc.edu.vn/video...
2026-04-27 09:37:49,757 - INFO - Crawling [1] http://utc.edu.vn/lich-cong-tac...
2026-04-27 09:37:54,074 - INFO - Crawling [1] http://utc.edu.vn/doi-ngu-giang-vien...
2026-04-27 09:37:55,748 - INFO - Crawling [1] https://utc.edu.vn/xet-gs-pgs...
2026-04-27 09:37:57,212 - INFO - Crawling [2] https://utc.edu.vn/gioi-thieu/phong-hanh-chinh-tong-hop...
2026-04-27 09:37:59,196 - INFO - Crawl completed. Pages: 100
2026-04-27 09:37:59,435 - INFO - NetworkX loaded
2026-04-27 09:37:59,443 - INFO - Knowledge Graph: 245 nodes, 1 edges
2026-04-27 09:37:59,553 - INFO - Saved knowledge base to D:\Robot_FEEE\nlp\data\utc_knowledge_advanced.json
